# Find a path with from a character in the shortened Marvel dataset to the same character.

# To run this test, you will need to have downloaded the shortMarvel dataset and
# place it in src/hw7/data/shortMarvel.tsv.

loaded graph shortMarvel

path from FLASH to FLASH:
total cost: 0.000
